I'm sorry, but errors were detected in your script. Please correct the
errors listed below, and try again.


File "game/script.rpy", line 6: invalid syntax
    Character("Sora", color"#D10363")
                            ^

File "game/script.rpy", line 7: invalid syntax
    Character("Rocco", color"#028391")
                             ^

Ren'Py Version: Ren'Py 8.2.1.24030407
Sun May 26 12:42:43 2024
